
[1m[46m RUN [49m[22m [36mv4.0.15 [39m[90mC:/Users/gueta/Desktop/finance-app/backend[39m

[90mstdout[2m | tests/auth.test.js[2m > [22m[2mAuth Endpoints[2m > [22m[2mshould register a new user with inactive status
[22m[39m2025-12-16 10:32:27 [[32MINFO[39M] [25f0819f]: Incoming request: POST /api/v1/auth/signup | {"service":"finance-app-backend","version":"1.0.0","method":"POST","url":"/api/v1/auth/signup","ip":"::ffff:127.0.0.1","contentLength":"72"}

[90mstdout[2m | tests/auth.test.js[2m > [22m[2mAuth Endpoints[2m > [22m[2mshould register a new user with inactive status
[22m[39m2025-12-16 10:32:27 [[33MWARN[39M] [25f0819f]: Validation failed | {"service":"finance-app-backend","version":"1.0.0","target":"body","errors":[{"field":"password","message":"Password must contain at least 8 characters, 1 uppercase letter, 1 lowercase letter, and 1 number","value":"password123","type":"string.pattern.base"}],"originalData":{"name":"Test User","email":"test@example.com","password":"password123"},"ip":"::ffff:127.0.0.1","method":"POST","url":"/api/v1/auth/signup"}
2025-12-16 10:32:27 [[33MWARN[39M] [25f0819f] [24ms]: POST /api/v1/auth/signup | {"service":"finance-app-backend","version":"1.0.0","method":"POST","url":"/api/v1/auth/signup","statusCode":400,"ip":"::ffff:127.0.0.1","category":"http"}
2025-12-16 10:32:27 [[32MINFO[39M] [25f0819f] [25.53ms]: Request completed | {"service":"finance-app-backend","version":"1.0.0","statusCode":400,"memoryDelta":{"rss":659456,"heapUsed":1571328,"heapTotal":942080,"external":8640},"currentMemory":{"rss":119144448,"heapTotal":70897664,"heapUsed":42203200,"external":39146987,"arrayBuffers":36149726},"category":"performance","memoryUsage":{"rss":119144448,"heapTotal":70897664,"heapUsed":42208344,"external":39146987,"arrayBuffers":36149726},"method":"POST","url":"/api/v1/auth/signup","ip":"::ffff:127.0.0.1"}

[90mstdout[2m | tests/auth.test.js[2m > [22m[2mAuth Endpoints[2m > [22m[2mshould register a new user with inactive status
[22m[39m2025-12-16 10:32:27 [[32MINFO[39M]: ::ffff:127.0.0.1 - - [16/Dec/2025:09:32:27 +0000] "POST /api/v1/auth/signup HTTP/1.1" 400 242 "-" "-"

[90mstdout[2m | tests/access.test.js[2m > [22m[2mAccess Control[2m > [22m[2mshould block inactive user from accessing transactions
[22m[39m[TEST DEBUG] Created Inactive User ID: 6941272a4a9865841a567af6

[90mstdout[2m | tests/access.test.js[2m > [22m[2mAccess Control[2m > [22m[2mshould block inactive user from accessing transactions
[22m[39m2025-12-16 10:32:28 [[32MINFO[39M] [2b83e577]: Incoming request: GET /api/v1/transactions | {"service":"finance-app-backend","version":"1.0.0","method":"GET","url":"/api/v1/transactions","ip":"::ffff:127.0.0.1"}

[90mstdout[2m | tests/access.test.js[2m > [22m[2mAccess Control[2m > [22m[2mshould block inactive user from accessing transactions
[22m[39m[AUTH DEBUG] Token found: eyJhbGciOi...

[90mstdout[2m | tests/access.test.js[2m > [22m[2mAccess Control[2m > [22m[2mshould block inactive user from accessing transactions
[22m[39m[AUTH DEBUG] User FOUND: 6941272a4a9865841a567af6
2025-12-16 10:32:28 [[33MWARN[39M] [2b83e577] [23ms]: GET /api/v1/transactions | {"service":"finance-app-backend","version":"1.0.0","method":"GET","url":"/api/v1/transactions","statusCode":403,"ip":"::ffff:127.0.0.1","category":"http"}
2025-12-16 10:32:28 [[32MINFO[39M] [2b83e577] [24.02ms]: Request completed | {"service":"finance-app-backend","version":"1.0.0","statusCode":403,"memoryDelta":{"rss":815104,"heapUsed":1086624,"heapTotal":679936,"external":1185},"currentMemory":{"rss":120475648,"heapTotal":71684096,"heapUsed":44142608,"external":39209451,"arrayBuffers":36210460},"category":"performance","memoryUsage":{"rss":120479744,"heapTotal":71684096,"heapUsed":44147752,"external":39209451,"arrayBuffers":36210460},"method":"GET","url":"/api/v1/transactions","ip":"::ffff:127.0.0.1"}

[90mstdout[2m | tests/access.test.js[2m > [22m[2mAccess Control[2m > [22m[2mshould block inactive user from accessing transactions
[22m[39m2025-12-16 10:32:28 [[32MINFO[39M]: ::ffff:127.0.0.1 - - [16/Dec/2025:09:32:28 +0000] "GET /api/v1/transactions HTTP/1.1" 403 106 "-" "-"

[90mstdout[2m | tests/auth.test.js[2m > [22m[2mAuth Endpoints[2m > [22m[2mshould allow login for inactive user but return inactive status
[22m[39m2025-12-16 10:32:29 [[32MINFO[39M] [1f1c4de7]: Incoming request: POST /api/v1/auth/signup | {"service":"finance-app-backend","version":"1.0.0","method":"POST","url":"/api/v1/auth/signup","ip":"::ffff:127.0.0.1","contentLength":"83"}

[90mstdout[2m | tests/auth.test.js[2m > [22m[2mAuth Endpoints[2m > [22m[2mshould allow login for inactive user but return inactive status
[22m[39m2025-12-16 10:32:29 [[33MWARN[39M] [1f1c4de7]: Validation failed | {"service":"finance-app-backend","version":"1.0.0","target":"body","errors":[{"field":"password","message":"Password must contain at least 8 characters, 1 uppercase letter, 1 lowercase letter, and 1 number","value":"password123","type":"string.pattern.base"}],"originalData":{"name":"Inactive User 2","email":"inactive2@example.com","password":"password123"},"ip":"::ffff:127.0.0.1","method":"POST","url":"/api/v1/auth/signup"}
2025-12-16 10:32:29 [[33MWARN[39M] [1f1c4de7] [3ms]: POST /api/v1/auth/signup | {"service":"finance-app-backend","version":"1.0.0","method":"POST","url":"/api/v1/auth/signup","statusCode":400,"ip":"::ffff:127.0.0.1","category":"http"}
2025-12-16 10:32:29 [[32MINFO[39M] [1f1c4de7] [2.91ms]: Request completed | {"service":"finance-app-backend","version":"1.0.0","statusCode":400,"memoryDelta":{"rss":16384,"heapUsed":311480,"heapTotal":0,"external":8656},"currentMemory":{"rss":120573952,"heapTotal":71946240,"heapUsed":45283232,"external":39220142,"arrayBuffers":36219671},"category":"performance","memoryUsage":{"rss":120573952,"heapTotal":71946240,"heapUsed":45284136,"external":39220142,"arrayBuffers":36219671},"method":"POST","url":"/api/v1/auth/signup","ip":"::ffff:127.0.0.1"}

[90mstdout[2m | tests/auth.test.js[2m > [22m[2mAuth Endpoints[2m > [22m[2mshould allow login for inactive user but return inactive status
[22m[39m2025-12-16 10:32:29 [[32MINFO[39M]: ::ffff:127.0.0.1 - - [16/Dec/2025:09:32:29 +0000] "POST /api/v1/auth/signup HTTP/1.1" 400 242 "-" "-"

[90mstdout[2m | tests/auth.test.js[2m > [22m[2mAuth Endpoints[2m > [22m[2mshould allow login for inactive user but return inactive status
[22m[39m2025-12-16 10:32:29 [[32MINFO[39M] [7c9a972b]: Incoming request: POST /api/v1/auth/login | {"service":"finance-app-backend","version":"1.0.0","method":"POST","url":"/api/v1/auth/login","ip":"::ffff:127.0.0.1","contentLength":"58"}
2025-12-16 10:32:29 [[32MINFO[39M] [7c9a972b]: Auth event: login_attempt | {"service":"finance-app-backend","version":"1.0.0","ip":"::ffff:127.0.0.1","category":"authentication","event":"login_attempt","method":"POST","url":"/api/v1/auth/login"}

[90mstdout[2m | tests/auth.test.js[2m > [22m[2mAuth Endpoints[2m > [22m[2mshould allow login for inactive user but return inactive status
[22m[39m2025-12-16 10:32:29 [[33MWARN[39M] [7c9a972b]: Security event: failed_login_attempt | {"service":"finance-app-backend","version":"1.0.0","email":"inactive2@example.com","reason":"user_not_found","ip":"::ffff:127.0.0.1","category":"security","event":"failed_login_attempt","method":"POST","url":"/api/v1/auth/login"}
2025-12-16 10:32:29 [[33MWARN[39M] [7c9a972b] [10ms]: POST /api/v1/auth/login | {"service":"finance-app-backend","version":"1.0.0","method":"POST","url":"/api/v1/auth/login","statusCode":401,"ip":"::ffff:127.0.0.1","category":"http"}
2025-12-16 10:32:29 [[32MINFO[39M] [7c9a972b] [9.95ms]: Request completed | {"service":"finance-app-backend","version":"1.0.0","statusCode":401,"memoryDelta":{"rss":233472,"heapUsed":582408,"heapTotal":0,"external":970},"currentMemory":{"rss":120995840,"heapTotal":72208384,"heapUsed":46130752,"external":39224479,"arrayBuffers":36221708},"category":"performance","memoryUsage":{"rss":120995840,"heapTotal":72208384,"heapUsed":46131864,"external":39224479,"arrayBuffers":36221708},"method":"POST","url":"/api/v1/auth/login","ip":"::ffff:127.0.0.1"}

[90mstdout[2m | tests/auth.test.js[2m > [22m[2mAuth Endpoints[2m > [22m[2mshould allow login for inactive user but return inactive status
[22m[39m2025-12-16 10:32:29 [[32MINFO[39M]: ::ffff:127.0.0.1 - - [16/Dec/2025:09:32:29 +0000] "POST /api/v1/auth/login HTTP/1.1" 401 49 "-" "-"

[90mstdout[2m | tests/access.test.js[2m > [22m[2mAccess Control[2m > [22m[2mshould block expired user from accessing transactions
[22m[39m[TEST DEBUG] Created Inactive User ID: 6941272d4a9865841a567b11

[90mstdout[2m | tests/users.test.js[2m > [22m[2mUser Management (Admin)[2m > [22m[2mshould allow admin to activate a user
[22m[39m2025-12-16 10:32:29 [[32MINFO[39M] [bf1d439b]: Incoming request: POST /api/v1/users/6941272d2f01a852c4c7af50/activate | {"service":"finance-app-backend","version":"1.0.0","method":"POST","url":"/api/v1/users/6941272d2f01a852c4c7af50/activate","ip":"::ffff:127.0.0.1","contentLength":"0"}

[90mstdout[2m | tests/users.test.js[2m > [22m[2mUser Management (Admin)[2m > [22m[2mshould allow admin to activate a user
[22m[39m[AUTH DEBUG] Token found: eyJhbGciOi...

[90mstdout[2m | tests/users.test.js[2m > [22m[2mUser Management (Admin)[2m > [22m[2mshould allow admin to activate a user
[22m[39m[AUTH DEBUG] User FOUND: 6941272b2f01a852c4c7af43

[90mstdout[2m | tests/users.test.js[2m > [22m[2mUser Management (Admin)[2m > [22m[2mshould allow admin to activate a user
[22m[39m2025-12-16 10:32:29 [[32MINFO[39M]: User activated by admin
2025-12-16 10:32:29 [[32MINFO[39M] [bf1d439b] [26ms]: POST /api/v1/users/6941272d2f01a852c4c7af50/activate | {"service":"finance-app-backend","version":"1.0.0","method":"POST","url":"/api/v1/users/6941272d2f01a852c4c7af50/activate","statusCode":200,"ip":"::ffff:127.0.0.1","category":"http"}
2025-12-16 10:32:29 [[32MINFO[39M] [bf1d439b] [27.45ms]: Request completed | {"service":"finance-app-backend","version":"1.0.0","statusCode":200,"memoryDelta":{"rss":970752,"heapUsed":1460128,"heapTotal":1204224,"external":10449},"currentMemory":{"rss":120475648,"heapTotal":71946240,"heapUsed":44116136,"external":39208898,"arrayBuffers":36210674},"category":"performance","memoryUsage":{"rss":120479744,"heapTotal":71946240,"heapUsed":44121280,"external":39208898,"arrayBuffers":36210674},"method":"POST","url":"/api/v1/users/6941272d2f01a852c4c7af50/activate","ip":"::ffff:127.0.0.1"}

[90mstdout[2m | tests/users.test.js[2m > [22m[2mUser Management (Admin)[2m > [22m[2mshould allow admin to activate a user
[22m[39m2025-12-16 10:32:29 [[32MINFO[39M]: ::ffff:127.0.0.1 - - [16/Dec/2025:09:32:29 +0000] "POST /api/v1/users/6941272d2f01a852c4c7af50/activate HTTP/1.1" 200 566 "-" "-"

[90mstdout[2m | tests/access.test.js[2m > [22m[2mAccess Control[2m > [22m[2mshould block expired user from accessing transactions
[22m[39m2025-12-16 10:32:29 [[32MINFO[39M] [eefb40aa]: Incoming request: GET /api/v1/transactions | {"service":"finance-app-backend","version":"1.0.0","method":"GET","url":"/api/v1/transactions","ip":"::ffff:127.0.0.1"}

[90mstdout[2m | tests/access.test.js[2m > [22m[2mAccess Control[2m > [22m[2mshould block expired user from accessing transactions
[22m[39m[AUTH DEBUG] Token found: eyJhbGciOi...

[90mstdout[2m | tests/access.test.js[2m > [22m[2mAccess Control[2m > [22m[2mshould block expired user from accessing transactions
[22m[39m[AUTH DEBUG] User FOUND: 6941272d4a9865841a567b17
2025-12-16 10:32:29 [[33MWARN[39M] [eefb40aa] [4ms]: GET /api/v1/transactions | {"service":"finance-app-backend","version":"1.0.0","method":"GET","url":"/api/v1/transactions","statusCode":403,"ip":"::ffff:127.0.0.1","category":"http"}
2025-12-16 10:32:29 [[32MINFO[39M] [eefb40aa] [3.99ms]: Request completed | {"service":"finance-app-backend","version":"1.0.0","statusCode":403,"memoryDelta":{"rss":147456,"heapUsed":386648,"heapTotal":262144,"external":1202},"currentMemory":{"rss":121204736,"heapTotal":72208384,"heapUsed":46038208,"external":39251160,"arrayBuffers":36249046},"category":"performance","memoryUsage":{"rss":121204736,"heapTotal":72208384,"heapUsed":46039112,"external":39251160,"arrayBuffers":36249046},"method":"GET","url":"/api/v1/transactions","ip":"::ffff:127.0.0.1"}

[90mstdout[2m | tests/access.test.js[2m > [22m[2mAccess Control[2m > [22m[2mshould block expired user from accessing transactions
[22m[39m2025-12-16 10:32:29 [[32MINFO[39M]: ::ffff:127.0.0.1 - - [16/Dec/2025:09:32:29 +0000] "GET /api/v1/transactions HTTP/1.1" 403 101 "-" "-"

[90mstdout[2m | tests/access.test.js[2m > [22m[2mAccess Control[2m > [22m[2mshould allow active user to access transactions
[22m[39m[TEST DEBUG] Created Inactive User ID: 6941272d4a9865841a567b1f

[90mstdout[2m | tests/access.test.js[2m > [22m[2mAccess Control[2m > [22m[2mshould allow active user to access transactions
[22m[39m2025-12-16 10:32:29 [[32MINFO[39M] [8c6e98c1]: Incoming request: GET /api/v1/transactions | {"service":"finance-app-backend","version":"1.0.0","method":"GET","url":"/api/v1/transactions","ip":"::ffff:127.0.0.1"}

[90mstdout[2m | tests/access.test.js[2m > [22m[2mAccess Control[2m > [22m[2mshould allow active user to access transactions
[22m[39m[AUTH DEBUG] Token found: eyJhbGciOi...

[90mstdout[2m | tests/access.test.js[2m > [22m[2mAccess Control[2m > [22m[2mshould allow active user to access transactions
[22m[39m[AUTH DEBUG] User FOUND: 6941272d4a9865841a567b21

[90mstdout[2m | tests/access.test.js[2m > [22m[2mAccess Control[2m > [22m[2mshould allow active user to access transactions
[22m[39m2025-12-16 10:32:29 [[32MINFO[39M] [8c6e98c1]: Database query: listTransactions | {"service":"finance-app-backend","version":"1.0.0","resultCount":0,"memoryUsage":{"rss":121589760,"heapTotal":72208384,"heapUsed":47587720,"external":39266572,"arrayBuffers":36262336},"category":"performance","queryName":"listTransactions","queryTime":2.37,"method":"GET","url":"/api/v1/transactions","ip":"::ffff:127.0.0.1"}

[90mstdout[2m | tests/access.test.js[2m > [22m[2mAccess Control[2m > [22m[2mshould allow active user to access transactions
[22m[39m2025-12-16 10:32:29 [[32MINFO[39M] [8c6e98c1] [9ms]: GET /api/v1/transactions | {"service":"finance-app-backend","version":"1.0.0","method":"GET","url":"/api/v1/transactions","statusCode":200,"ip":"::ffff:127.0.0.1","category":"http"}
2025-12-16 10:32:29 [[32MINFO[39M] [8c6e98c1] [8.37ms]: Request completed | {"service":"finance-app-backend","version":"1.0.0","statusCode":200,"memoryDelta":{"rss":163840,"heapUsed":603288,"heapTotal":0,"external":10405},"currentMemory":{"rss":121589760,"heapTotal":72208384,"heapUsed":47679488,"external":39275303,"arrayBuffers":36270528},"category":"performance","memoryUsage":{"rss":121589760,"heapTotal":72208384,"heapUsed":47680408,"external":39275303,"arrayBuffers":36270528},"method":"GET","url":"/api/v1/transactions","ip":"::ffff:127.0.0.1"}

[90mstdout[2m | tests/access.test.js[2m > [22m[2mAccess Control[2m > [22m[2mshould allow active user to access transactions
[22m[39m2025-12-16 10:32:29 [[32MINFO[39M]: ::ffff:127.0.0.1 - - [16/Dec/2025:09:32:29 +0000] "GET /api/v1/transactions HTTP/1.1" 200 93 "-" "-"

[90mstdout[2m | tests/access.test.js[2m > [22m[2mAccess Control[2m > [22m[2mshould allow inactive user to access auth/me (profile)
[22m[39m[TEST DEBUG] Created Inactive User ID: 6941272d4a9865841a567b2c

[90mstdout[2m | tests/access.test.js[2m > [22m[2mAccess Control[2m > [22m[2mshould allow inactive user to access auth/me (profile)
[22m[39m2025-12-16 10:32:29 [[32MINFO[39M] [9995a575]: Incoming request: GET /api/v1/auth/me | {"service":"finance-app-backend","version":"1.0.0","method":"GET","url":"/api/v1/auth/me","ip":"::ffff:127.0.0.1"}

[90mstdout[2m | tests/access.test.js[2m > [22m[2mAccess Control[2m > [22m[2mshould allow inactive user to access auth/me (profile)
[22m[39m[AUTH DEBUG] Token found: eyJhbGciOi...

[90mstdout[2m | tests/access.test.js[2m > [22m[2mAccess Control[2m > [22m[2mshould allow inactive user to access auth/me (profile)
[22m[39m[AUTH DEBUG] User FOUND: 6941272d4a9865841a567b2c
2025-12-16 10:32:29 [[32MINFO[39M] [9995a575] [5ms]: GET /api/v1/auth/me | {"service":"finance-app-backend","version":"1.0.0","method":"GET","url":"/api/v1/auth/me","statusCode":200,"ip":"::ffff:127.0.0.1","category":"http"}
2025-12-16 10:32:29 [[32MINFO[39M] [9995a575] [4.65ms]: Request completed | {"service":"finance-app-backend","version":"1.0.0","statusCode":200,"memoryDelta":{"rss":40960,"heapUsed":373136,"heapTotal":0,"external":9367},"currentMemory":{"rss":121659392,"heapTotal":72470528,"heapUsed":48904480,"external":39290137,"arrayBuffers":36283482},"category":"performance","memoryUsage":{"rss":121659392,"heapTotal":72470528,"heapUsed":48905400,"external":39290137,"arrayBuffers":36283482},"method":"GET","url":"/api/v1/auth/me","ip":"::ffff:127.0.0.1"}

[90mstdout[2m | tests/access.test.js[2m > [22m[2mAccess Control[2m > [22m[2mshould allow inactive user to access auth/me (profile)
[22m[39m2025-12-16 10:32:29 [[32MINFO[39M]: ::ffff:127.0.0.1 - - [16/Dec/2025:09:32:29 +0000] "GET /api/v1/auth/me HTTP/1.1" 200 499 "-" "-"

 [31mΓ¥»[39m tests/auth.test.js [2m([22m[2m2 tests[22m[2m | [22m[31m2 failed[39m[2m)[22m[33m 4963[2mms[22m[39m
[31m     [31m├ù[31m should register a new user with inactive status[39m[32m 66[2mms[22m[39m
[31m     [31m├ù[31m should allow login for inactive user but return inactive status[39m[33m 2727[2mms[22m[39m
 [32mΓ£ô[39m tests/access.test.js [2m([22m[2m4 tests[22m[2m)[22m[33m 5051[2mms[22m[39m
     [33m[2mΓ£ô[22m[39m should block inactive user from accessing transactions [33m 2198[2mms[22m[39m
     [33m[2mΓ£ô[22m[39m should block expired user from accessing transactions [33m 880[2mms[22m[39m
[90mstdout[2m | tests/users.test.js[2m > [22m[2mUser Management (Admin)[2m > [22m[2mshould allow admin to deactivate a user
[22m[39m2025-12-16 10:32:30 [[32MINFO[39M] [fbdb9698]: Incoming request: POST /api/v1/users/6941272e2f01a852c4c7af62/deactivate | {"service":"finance-app-backend","version":"1.0.0","method":"POST","url":"/api/v1/users/6941272e2f01a852c4c7af62/deactivate","ip":"::ffff:127.0.0.1","contentLength":"0"}

[90mstdout[2m | tests/users.test.js[2m > [22m[2mUser Management (Admin)[2m > [22m[2mshould allow admin to deactivate a user
[22m[39m[AUTH DEBUG] Token found: eyJhbGciOi...

[90mstdout[2m | tests/users.test.js[2m > [22m[2mUser Management (Admin)[2m > [22m[2mshould allow admin to deactivate a user
[22m[39m[AUTH DEBUG] User FOUND: 6941272d2f01a852c4c7af5e

[90mstdout[2m | tests/users.test.js[2m > [22m[2mUser Management (Admin)[2m > [22m[2mshould allow admin to deactivate a user
[22m[39m2025-12-16 10:32:30 [[32MINFO[39M]: User deactivated by admin
2025-12-16 10:32:30 [[32MINFO[39M] [fbdb9698] [8ms]: POST /api/v1/users/6941272e2f01a852c4c7af62/deactivate | {"service":"finance-app-backend","version":"1.0.0","method":"POST","url":"/api/v1/users/6941272e2f01a852c4c7af62/deactivate","statusCode":200,"ip":"::ffff:127.0.0.1","category":"http"}
2025-12-16 10:32:30 [[32MINFO[39M] [fbdb9698] [8.23ms]: Request completed | {"service":"finance-app-backend","version":"1.0.0","statusCode":200,"memoryDelta":{"rss":204800,"heapUsed":619704,"heapTotal":262144,"external":10373},"currentMemory":{"rss":121204736,"heapTotal":72208384,"heapUsed":46213704,"external":39258451,"arrayBuffers":36257086},"category":"performance","memoryUsage":{"rss":121204736,"heapTotal":72208384,"heapUsed":46214608,"external":39258451,"arrayBuffers":36257086},"method":"POST","url":"/api/v1/users/6941272e2f01a852c4c7af62/deactivate","ip":"::ffff:127.0.0.1"}

[90mstdout[2m | tests/users.test.js[2m > [22m[2mUser Management (Admin)[2m > [22m[2mshould allow admin to deactivate a user
[22m[39m2025-12-16 10:32:30 [[32MINFO[39M]: ::ffff:127.0.0.1 - - [16/Dec/2025:09:32:30 +0000] "POST /api/v1/users/6941272e2f01a852c4c7af62/deactivate HTTP/1.1" 200 489 "-" "-"

 [32mΓ£ô[39m tests/users.test.js [2m([22m[2m2 tests[22m[2m)[22m[33m 5194[2mms[22m[39m
     [33m[2mΓ£ô[22m[39m should allow admin to activate a user [33m 2775[2mms[22m[39m
node.exe : 
At line:1 char:1
+ & "C:\Program Files\nodejs/node.exe" "C:\Program Files\nodejs/node_mo 
...
+ ~~~~~~~~~~~~~~~~~~~~~~~~~~~~~~~~~~~~~~~~~~~~~~~~~~~~~~~~~~~~~~~~~~~~~
    + CategoryInfo          : NotSpecified: (:String) [], RemoteExcepti 
   on
    + FullyQualifiedErrorId : NativeCommandError
 
[31mΓÄ»ΓÄ»ΓÄ»ΓÄ»ΓÄ»ΓÄ»ΓÄ»[39m[1m[41m Failed Tests 2 
[49m[22m[31mΓÄ»ΓÄ»ΓÄ»ΓÄ»ΓÄ»ΓÄ»ΓÄ»[39m

[41m[1m FAIL [22m[49m tests/auth.test.js[2m > [22mAuth 
Endpoints[2m > [22mshould register a new user with inactive status
[31m[1mAssertionError[22m: expected 400 to deeply equal 201[39m

[32m- Expected[39m
[31m+ Received[39m

[32m- 201[39m
[31m+ 400[39m

[36m [2mΓ¥»[22m tests/auth.test.js:[2m15:32[22m[39m
    [90m 13| [39m            })[33m;[39m
    [90m 14| [39m
    [90m 15| [39m        [34mexpect[39m(res[33m.[39mstatusCode)[3
3m.[39m[34mtoEqual[39m([34m201[39m)[33m;[39m
    [90m   | [39m                               [31m^[39m
    [90m 16| [39m
    [90m 17| [39m        [35mif[39m (res[33m.[39mstatusCode 
[33m!==[39m [34m201[39m) {

[31m[2mΓÄ»ΓÄ»ΓÄ»ΓÄ»ΓÄ»ΓÄ»ΓÄ»ΓÄ»ΓÄ»ΓÄ»ΓÄ»ΓÄ»ΓÄ»ΓÄ»ΓÄ»ΓÄ»ΓÄ»ΓÄ»ΓÄ»ΓÄ»ΓÄ»
ΓÄ»ΓÄ»ΓÄ»[1/2]ΓÄ»[22m[39m

[41m[1m FAIL [22m[49m tests/auth.test.js[2m > [22mAuth 
Endpoints[2m > [22mshould allow login for inactive user but return 
inactive status
[31m[1mAssertionError[22m: expected 401 to deeply equal 200[39m

[32m- Expected[39m
[31m+ Received[39m

[32m- 200[39m
[31m+ 401[39m

[36m [2mΓ¥»[22m tests/auth.test.js:[2m53:32[22m[39m
    [90m 51| [39m            })[33m;[39m
    [90m 52| [39m
    [90m 53| [39m        [34mexpect[39m(res[33m.[39mstatusCode)[3
3m.[39m[34mtoEqual[39m([34m200[39m)[33m;[39m
    [90m   | [39m                               [31m^[39m
    [90m 54| [39m        [34mexpect[39m(res[33m.[39mbody[33m.[39
mdata[33m.[39misActive)[33m.[39m[34mtoBe[39m([35mfalse[39m)[33m
;[39m
    [90m 55| [39m        [34mexpect[39m(res[33m.[39mbody[33m.[39
mdata)[33m.[39m[34mtoHaveProperty[39m([32m'expiresAt'[39m)[33m;[
39m

[31m[2mΓÄ»ΓÄ»ΓÄ»ΓÄ»ΓÄ»ΓÄ»ΓÄ»ΓÄ»ΓÄ»ΓÄ»ΓÄ»ΓÄ»ΓÄ»ΓÄ»ΓÄ»ΓÄ»ΓÄ»ΓÄ»ΓÄ»ΓÄ»ΓÄ»
ΓÄ»ΓÄ»ΓÄ»[2/2]ΓÄ»[22m[39m


[2m Test Files [22m [1m[31m1 failed[39m[22m[2m | [22m[1m[32m2 passed[39m[22m[90m (3)[39m
[2m      Tests [22m [1m[31m2 failed[39m[22m[2m | [22m[1m[32m6 passed[39m[22m[90m (8)[39m
[2m   Start at [22m 10:32:23
[2m   Duration [22m 6.43s[2m (transform 63ms, setup 1.68s, import 1.27s, tests 15.21s, environment 1ms)[22m

